// Jest Snapshot v1, https://goo.gl/fbAQLP

exports[`City component renders correctly should render a City component 1`] = `
<li
  className="locations__item"
>
  <a
    className="locations__item-link tabs__item tabs__item--active"
    onClick={[Function]}
    onKeyPress={[Function]}
    tabIndex={0}
  >
    <span>
      Amsterdam
    </span>
  </a>
</li>
`;
