// Jest Snapshot v1, https://goo.gl/fbAQLP

exports[`City should render a City component 1`] = `
<li
  className="locations__item"
>
  <button
    className="locations__item-link tabs__item tabs__item--active"
    onClick={[Function]}
    type="button"
  >
    <span>
      Amsterdam
    </span>
  </button>
</li>
`;
