// Jest Snapshot v1, https://goo.gl/fbAQLP

exports[`Should render SortingOptions component correctly 1`] = `
<div
  action="#"
  className="places__sorting"
  method="get"
>
  <span
    className="places__sorting-caption"
  >
    Sort by 
  </span>
  <span
    className="places__sorting-type"
    onClick={[Function]}
    onKeyPress={[Function]}
    tabIndex={0}
    type="button"
  >
    Popular
    <svg
      className="places__sorting-arrow"
      height="4"
      width="7"
    >
      <use
        xlinkHref="#icon-arrow-select"
      />
    </svg>
  </span>
  <ul
    className="false places__options places__options--custom"
    onKeyDown={[Function]}
    tabIndex={-1}
  >
    <li
      className="false places__option"
      data-value="popular"
      onClick={[Function]}
      onKeyPress={[Function]}
      tabIndex={0}
    >
      Popular
    </li>
    <li
      className="false places__option"
      data-value="to-high"
      onClick={[Function]}
      onKeyPress={[Function]}
      tabIndex={0}
    >
      Price: low to high
    </li>
    <li
      className="false places__option"
      data-value="to-low"
      onClick={[Function]}
      onKeyPress={[Function]}
      tabIndex={0}
    >
      Price: high to low
    </li>
    <li
      className="false places__option"
      data-value="top-rated"
      onClick={[Function]}
      onKeyPress={[Function]}
      tabIndex={0}
    >
      Top rated first
    </li>
  </ul>
</div>
`;
