// Jest Snapshot v1, https://goo.gl/fbAQLP

exports[`Offers List should render a list of offers 1`] = `
<div
  className="cities__places-list tabs__content places__list "
>
  <article
    className="cities__place-card place-card"
  >
    <div
      className="cities__image-wrapper place-card__image-wrapper"
      onMouseEnter={[Function]}
    >
      <button
        type="button"
      >
        <img
          alt="Wood and stone place"
          className="place-card__image"
          height="200"
          src="img/room.jpg"
          width="260"
        />
      </button>
    </div>
    <div
      className="cities__card-info place-card__info"
    >
      <div
        className="place-card__price-wrapper"
      >
        <div
          className="place-card__price"
        >
          <b
            className="place-card__price-value"
          >
            €
            80
          </b>
          <span
            className="place-card__price-text"
          >
            / night
          </span>
        </div>
        <button
          aria-pressed="true"
          className="place-card__bookmark-button place-card__bookmark-button--active button"
          type="button"
        >
          <svg
            aria-hidden="true"
            className="place-card__bookmark-icon"
            height={19}
            width={18}
          >
            <use
              xlinkHref="#icon-bookmark"
            />
          </svg>
          <span
            className="visually-hidden"
          >
            In
             bookmarks
          </span>
        </button>
      </div>
      <div
        className="place-card__rating rating"
      >
        <div
          className="place-card__stars rating__stars"
        >
          <span
            style={
              Object {
                "width": "80%",
              }
            }
          />
          <span
            className="visually-hidden"
          >
            Rating
          </span>
        </div>
      </div>
      <h2
        className="place-card__name"
      >
        <a
          href="#/offer/42334224"
          onClick={[Function]}
        >
          Wood and stone place
        </a>
      </h2>
      <p
        className="place-card__type"
      >
        Private room
      </p>
    </div>
  </article>
  <article
    className="cities__place-card place-card"
  >
    <div
      className="cities__image-wrapper place-card__image-wrapper"
      onMouseEnter={[Function]}
    >
      <button
        type="button"
      >
        <img
          alt="Canal View Prinsengracht"
          className="place-card__image"
          height="200"
          src="img/apartment-02.jpg"
          width="260"
        />
      </button>
    </div>
    <div
      className="cities__card-info place-card__info"
    >
      <div
        className="place-card__price-wrapper"
      >
        <div
          className="place-card__price"
        >
          <b
            className="place-card__price-value"
          >
            €
            132
          </b>
          <span
            className="place-card__price-text"
          >
            / night
          </span>
        </div>
        <button
          aria-pressed="false"
          className="place-card__bookmark-button  button"
          type="button"
        >
          <svg
            aria-hidden="true"
            className="place-card__bookmark-icon"
            height={19}
            width={18}
          >
            <use
              xlinkHref="#icon-bookmark"
            />
          </svg>
          <span
            className="visually-hidden"
          >
            To
             bookmarks
          </span>
        </button>
      </div>
      <div
        className="place-card__rating rating"
      >
        <div
          className="place-card__stars rating__stars"
        >
          <span
            style={
              Object {
                "width": "80%",
              }
            }
          />
          <span
            className="visually-hidden"
          >
            Rating
          </span>
        </div>
      </div>
      <h2
        className="place-card__name"
      >
        <a
          href="#/offer/4233924"
          onClick={[Function]}
        >
          Canal View Prinsengracht
        </a>
      </h2>
      <p
        className="place-card__type"
      >
        Apartment
      </p>
    </div>
  </article>
</div>
`;
